---
source: tests/rendering.rs
expression: "render(\"## Priority\\n\\n| Level | Items |\\n|---|---|\\n| High | Bugs |\")"
---
[bold][underline]Priority[/underline][/intensity]

┌───────┬───────┐
│ [bold]Level[/intensity] │ [bold]Items[/intensity] │
├───────┼───────┤
│ High  │ Bugs  │
└───────┴───────┘
